GowinSynthesis start
Running parser ...
Analyzing Verilog file 'C:\Users\jackg\OneDrive\GadgetFactory_Engineering\papilio_development\libs\papilio_hdmi\gateware\src\hdmi_phy_720p.v'
Analyzing Verilog file 'C:\Users\jackg\OneDrive\GadgetFactory_Engineering\papilio_development\libs\papilio_hdmi\gateware\src\tmds_encoder.v'
Analyzing Verilog file 'C:\Users\jackg\OneDrive\GadgetFactory_Engineering\papilio_development\libs\papilio_hdmi\gateware\src\TMDS_rPLL.v'
Analyzing Verilog file 'C:\Users\jackg\OneDrive\GadgetFactory_Engineering\papilio_development\libs\papilio_hdmi\gateware\src\wb_video_testpattern.v'
Analyzing Verilog file 'C:\Users\jackg\OneDrive\GadgetFactory_Engineering\papilio_development\libs\papilio_hdmi\gateware\src\wb_video_text.v'
Analyzing Verilog file 'C:\Users\jackg\OneDrive\GadgetFactory_Engineering\papilio_development\libs\papilio_hdmi\gateware\src\wb_video_framebuffer.v'
Analyzing Verilog file 'C:\Users\jackg\OneDrive\GadgetFactory_Engineering\papilio_development\libs\papilio_hdmi\gateware\src\framebuffer_ram.v'
Analyzing Verilog file 'C:\Users\jackg\OneDrive\GadgetFactory_Engineering\papilio_development\libs\papilio_hdmi\gateware\src\char_ram_8x8.v'
Analyzing Verilog file 'C:\Users\jackg\OneDrive\GadgetFactory_Engineering\papilio_development\libs\papilio_rgb_led\gateware\wb_rgb_led_ctrl.v'
Analyzing Verilog file 'C:\Users\jackg\OneDrive\GadgetFactory_Engineering\papilio_development\libs\papilio_rgb_led\gateware\wb_simple_rgb_led.v'
Analyzing Verilog file 'C:\Users\jackg\OneDrive\GadgetFactory_Engineering\papilio_development\libs\papilio_wishbone_spi_master\gateware\async_fifo.v'
Analyzing Verilog file 'C:\Users\jackg\OneDrive\GadgetFactory_Engineering\papilio_development\libs\papilio_wishbone_spi_master\gateware\simple_spi_wb_bridge_with_dma.v'
Analyzing Verilog file 'C:\Users\jackg\OneDrive\GadgetFactory_Engineering\papilio_development\libs\papilio_wishbone_spi_master\gateware\dma_debug_analyzer.v'
Analyzing Verilog file 'C:\Users\jackg\OneDrive\GadgetFactory_Engineering\papilio_development\libs\papilio_audio\gateware\wb_audio_passthrough.v'
Analyzing Verilog file 'C:\Users\jackg\OneDrive\GadgetFactory_Engineering\papilio_development\libs\papilio_audio\gateware\sigma_delta_dac.v'
Analyzing Verilog file 'C:\Users\jackg\OneDrive\GadgetFactory_Engineering\papilio_development\libs\sump2_logic_analyzer\gateware\sump2_simple.v'
Analyzing Verilog file 'C:\Users\jackg\OneDrive\GadgetFactory_Engineering\papilio_development\src\gateware\top.v'
Undeclared symbol 'pix_clk', assumed default net type 'wire'("C:\Users\jackg\OneDrive\GadgetFactory_Engineering\papilio_development\src\gateware\top.v":413)
Undeclared symbol 'hdmi_rst_n', assumed default net type 'wire'("C:\Users\jackg\OneDrive\GadgetFactory_Engineering\papilio_development\src\gateware\top.v":414)
WARN  (EX3638) : 'pix_clk' is already implicitly declared on line 413("C:\Users\jackg\OneDrive\GadgetFactory_Engineering\papilio_development\src\gateware\top.v":504)
WARN  (EX3638) : 'hdmi_rst_n' is already implicitly declared on line 414("C:\Users\jackg\OneDrive\GadgetFactory_Engineering\papilio_development\src\gateware\top.v":506)
Analyzing VHDL file 'C:\Users\jackg\OneDrive\GadgetFactory_Engineering\papilio_development\libs\papilio_audio\gateware\wb_sid6581_simple.vhd'
Analyzing entity 'wb_sid6581_simple'("C:\Users\jackg\OneDrive\GadgetFactory_Engineering\papilio_development\libs\papilio_audio\gateware\wb_sid6581_simple.vhd":14)
Analyzing architecture 'rtl'("C:\Users\jackg\OneDrive\GadgetFactory_Engineering\papilio_development\libs\papilio_audio\gateware\wb_sid6581_simple.vhd":35)
Analyzing VHDL file 'C:\Users\jackg\OneDrive\GadgetFactory_Engineering\papilio_development\libs\papilio_audio\gateware\sid_6581.vhd'
Analyzing entity 'sid6581'("C:\Users\jackg\OneDrive\GadgetFactory_Engineering\papilio_development\libs\papilio_audio\gateware\sid_6581.vhd":41)
Analyzing architecture 'behavioral'("C:\Users\jackg\OneDrive\GadgetFactory_Engineering\papilio_development\libs\papilio_audio\gateware\sid_6581.vhd":61)
Analyzing VHDL file 'C:\Users\jackg\OneDrive\GadgetFactory_Engineering\papilio_development\libs\papilio_audio\gateware\sid_voice.vhd'
Analyzing entity 'sid_voice'("C:\Users\jackg\OneDrive\GadgetFactory_Engineering\papilio_development\libs\papilio_audio\gateware\sid_voice.vhd":20)
Analyzing architecture 'behavioral'("C:\Users\jackg\OneDrive\GadgetFactory_Engineering\papilio_development\libs\papilio_audio\gateware\sid_voice.vhd":39)
Analyzing VHDL file 'C:\Users\jackg\OneDrive\GadgetFactory_Engineering\papilio_development\libs\papilio_audio\gateware\sid_filters.vhd'
Analyzing entity 'sid_filters'("C:\Users\jackg\OneDrive\GadgetFactory_Engineering\papilio_development\libs\papilio_audio\gateware\sid_filters.vhd":8)
Analyzing architecture 'beh'("C:\Users\jackg\OneDrive\GadgetFactory_Engineering\papilio_development\libs\papilio_audio\gateware\sid_filters.vhd":32)
Analyzing VHDL file 'C:\Users\jackg\OneDrive\GadgetFactory_Engineering\papilio_development\libs\papilio_audio\gateware\sid_coeffs.vhd'
Analyzing entity 'sid_coeffs'("C:\Users\jackg\OneDrive\GadgetFactory_Engineering\papilio_development\libs\papilio_audio\gateware\sid_coeffs.vhd":5)
Analyzing architecture 'beh'("C:\Users\jackg\OneDrive\GadgetFactory_Engineering\papilio_development\libs\papilio_audio\gateware\sid_coeffs.vhd":13)
Analyzing VHDL file 'C:\Users\jackg\OneDrive\GadgetFactory_Engineering\papilio_development\libs\papilio_audio\gateware\sid_components.vhd'
Analyzing entity 'pwm_sddac'("C:\Users\jackg\OneDrive\GadgetFactory_Engineering\papilio_development\libs\papilio_audio\gateware\sid_components.vhd":33)
Analyzing architecture 'rtl'("C:\Users\jackg\OneDrive\GadgetFactory_Engineering\papilio_development\libs\papilio_audio\gateware\sid_components.vhd":45)
Analyzing entity 'pwm_sdadc'("C:\Users\jackg\OneDrive\GadgetFactory_Engineering\papilio_development\libs\papilio_audio\gateware\sid_components.vhd":68)
Analyzing architecture 'rtl'("C:\Users\jackg\OneDrive\GadgetFactory_Engineering\papilio_development\libs\papilio_audio\gateware\sid_components.vhd":78)
Analyzing VHDL file 'C:\Users\jackg\OneDrive\GadgetFactory_Engineering\papilio_development\libs\papilio_audio\gateware\wb_ym2149_simple.vhd'
Analyzing entity 'wb_ym2149_simple'("C:\Users\jackg\OneDrive\GadgetFactory_Engineering\papilio_development\libs\papilio_audio\gateware\wb_ym2149_simple.vhd":12)
Analyzing architecture 'rtl'("C:\Users\jackg\OneDrive\GadgetFactory_Engineering\papilio_development\libs\papilio_audio\gateware\wb_ym2149_simple.vhd":34)
Analyzing VHDL file 'C:\Users\jackg\OneDrive\GadgetFactory_Engineering\papilio_development\libs\papilio_audio\gateware\AUDIO_zpuino_wb_YM2149.vhd'
WARN  (EX4760) : 'zpuino_config' is not compiled in library 'board'("C:\Users\jackg\OneDrive\GadgetFactory_Engineering\papilio_development\libs\papilio_audio\gateware\AUDIO_zpuino_wb_YM2149.vhd":63)
WARN  (EX4760) : 'zpu_config' is not compiled in library 'board'("C:\Users\jackg\OneDrive\GadgetFactory_Engineering\papilio_development\libs\papilio_audio\gateware\AUDIO_zpuino_wb_YM2149.vhd":64)
WARN  (EX4760) : 'zpupkg' is not compiled in library 'board'("C:\Users\jackg\OneDrive\GadgetFactory_Engineering\papilio_development\libs\papilio_audio\gateware\AUDIO_zpuino_wb_YM2149.vhd":65)
Analyzing entity 'audio_zpuino_wb_ym2149'("C:\Users\jackg\OneDrive\GadgetFactory_Engineering\papilio_development\libs\papilio_audio\gateware\AUDIO_zpuino_wb_YM2149.vhd":67)
Analyzing architecture 'rtl'("C:\Users\jackg\OneDrive\GadgetFactory_Engineering\papilio_development\libs\papilio_audio\gateware\AUDIO_zpuino_wb_YM2149.vhd":79)
WARN  (EX3073) : Port 'almost_full' remains unconnected for this instance("C:\Users\jackg\OneDrive\GadgetFactory_Engineering\papilio_development\src\gateware\top.v":120)
Compiling module 'top'("C:\Users\jackg\OneDrive\GadgetFactory_Engineering\papilio_development\src\gateware\top.v":15)
Compiling module 'async_fifo(ADDR_WIDTH=9)'("C:\Users\jackg\OneDrive\GadgetFactory_Engineering\papilio_development\libs\papilio_wishbone_spi_master\gateware\async_fifo.v":13)
Extracting RAM for identifier 'mem'("C:\Users\jackg\OneDrive\GadgetFactory_Engineering\papilio_development\libs\papilio_wishbone_spi_master\gateware\async_fifo.v":45)
WARN  (EX3791) : Expression size 11 truncated to fit in target size 10("C:\Users\jackg\OneDrive\GadgetFactory_Engineering\papilio_development\libs\papilio_wishbone_spi_master\gateware\async_fifo.v":100)
WARN  (EX3791) : Expression size 11 truncated to fit in target size 10("C:\Users\jackg\OneDrive\GadgetFactory_Engineering\papilio_development\libs\papilio_wishbone_spi_master\gateware\async_fifo.v":119)
Compiling module 'simple_spi_wb_bridge_with_dma'("C:\Users\jackg\OneDrive\GadgetFactory_Engineering\papilio_development\libs\papilio_wishbone_spi_master\gateware\simple_spi_wb_bridge_with_dma.v":10)
WARN  (EX3791) : Expression size 4 truncated to fit in target size 3("C:\Users\jackg\OneDrive\GadgetFactory_Engineering\papilio_development\libs\papilio_wishbone_spi_master\gateware\simple_spi_wb_bridge_with_dma.v":146)
WARN  (EX3791) : Expression size 4 truncated to fit in target size 3("C:\Users\jackg\OneDrive\GadgetFactory_Engineering\papilio_development\libs\papilio_wishbone_spi_master\gateware\simple_spi_wb_bridge_with_dma.v":181)
WARN  (EX3791) : Expression size 4 truncated to fit in target size 3("C:\Users\jackg\OneDrive\GadgetFactory_Engineering\papilio_development\libs\papilio_wishbone_spi_master\gateware\simple_spi_wb_bridge_with_dma.v":241)
WARN  (EX3791) : Expression size 4 truncated to fit in target size 3("C:\Users\jackg\OneDrive\GadgetFactory_Engineering\papilio_development\libs\papilio_wishbone_spi_master\gateware\simple_spi_wb_bridge_with_dma.v":258)
WARN  (EX3791) : Expression size 4 truncated to fit in target size 3("C:\Users\jackg\OneDrive\GadgetFactory_Engineering\papilio_development\libs\papilio_wishbone_spi_master\gateware\simple_spi_wb_bridge_with_dma.v":302)
WARN  (EX3791) : Expression size 17 truncated to fit in target size 16("C:\Users\jackg\OneDrive\GadgetFactory_Engineering\papilio_development\libs\papilio_wishbone_spi_master\gateware\simple_spi_wb_bridge_with_dma.v":408)
Compiling module 'wb_simple_rgb_led'("C:\Users\jackg\OneDrive\GadgetFactory_Engineering\papilio_development\libs\papilio_rgb_led\gateware\wb_simple_rgb_led.v":4)
WARN  (EX3791) : Expression size 32 truncated to fit in target size 16("C:\Users\jackg\OneDrive\GadgetFactory_Engineering\papilio_development\libs\papilio_rgb_led\gateware\wb_simple_rgb_led.v":84)
Compiling module 'ws2812b_controller'("C:\Users\jackg\OneDrive\GadgetFactory_Engineering\papilio_development\libs\papilio_rgb_led\gateware\wb_rgb_led_ctrl.v":85)
WARN  (EX3791) : Expression size 32 truncated to fit in target size 5("C:\Users\jackg\OneDrive\GadgetFactory_Engineering\papilio_development\libs\papilio_rgb_led\gateware\wb_rgb_led_ctrl.v":147)
WARN  (EX3791) : Expression size 17 truncated to fit in target size 16("C:\Users\jackg\OneDrive\GadgetFactory_Engineering\papilio_development\libs\papilio_rgb_led\gateware\wb_rgb_led_ctrl.v":150)
WARN  (EX3791) : Expression size 17 truncated to fit in target size 16("C:\Users\jackg\OneDrive\GadgetFactory_Engineering\papilio_development\libs\papilio_rgb_led\gateware\wb_rgb_led_ctrl.v":161)
Compiling module 'sump2_simple'("C:\Users\jackg\OneDrive\GadgetFactory_Engineering\papilio_development\libs\sump2_logic_analyzer\gateware\sump2_simple.v":12)
Extracting RAM for identifier 'event_ram_array'("C:\Users\jackg\OneDrive\GadgetFactory_Engineering\papilio_development\libs\sump2_logic_analyzer\gateware\sump2_simple.v":46)
Compiling module 'uart_rx'("C:\Users\jackg\OneDrive\GadgetFactory_Engineering\papilio_development\libs\sump2_logic_analyzer\gateware\sump2_simple.v":301)
WARN  (EX3791) : Expression size 32 truncated to fit in target size 16("C:\Users\jackg\OneDrive\GadgetFactory_Engineering\papilio_development\libs\sump2_logic_analyzer\gateware\sump2_simple.v":344)
WARN  (EX3791) : Expression size 4 truncated to fit in target size 3("C:\Users\jackg\OneDrive\GadgetFactory_Engineering\papilio_development\libs\sump2_logic_analyzer\gateware\sump2_simple.v":353)
WARN  (EX3791) : Expression size 32 truncated to fit in target size 16("C:\Users\jackg\OneDrive\GadgetFactory_Engineering\papilio_development\libs\sump2_logic_analyzer\gateware\sump2_simple.v":356)
WARN  (EX3791) : Expression size 32 truncated to fit in target size 16("C:\Users\jackg\OneDrive\GadgetFactory_Engineering\papilio_development\libs\sump2_logic_analyzer\gateware\sump2_simple.v":362)
Compiling module 'uart_tx'("C:\Users\jackg\OneDrive\GadgetFactory_Engineering\papilio_development\libs\sump2_logic_analyzer\gateware\sump2_simple.v":372)
WARN  (EX3791) : Expression size 32 truncated to fit in target size 16("C:\Users\jackg\OneDrive\GadgetFactory_Engineering\papilio_development\libs\sump2_logic_analyzer\gateware\sump2_simple.v":415)
WARN  (EX3791) : Expression size 4 truncated to fit in target size 3("C:\Users\jackg\OneDrive\GadgetFactory_Engineering\papilio_development\libs\sump2_logic_analyzer\gateware\sump2_simple.v":423)
WARN  (EX3791) : Expression size 32 truncated to fit in target size 16("C:\Users\jackg\OneDrive\GadgetFactory_Engineering\papilio_development\libs\sump2_logic_analyzer\gateware\sump2_simple.v":426)
WARN  (EX3791) : Expression size 32 truncated to fit in target size 16("C:\Users\jackg\OneDrive\GadgetFactory_Engineering\papilio_development\libs\sump2_logic_analyzer\gateware\sump2_simple.v":433)
WARN  (EX3791) : Expression size 12 truncated to fit in target size 11("C:\Users\jackg\OneDrive\GadgetFactory_Engineering\papilio_development\libs\sump2_logic_analyzer\gateware\sump2_simple.v":171)
WARN  (EX3791) : Expression size 12 truncated to fit in target size 11("C:\Users\jackg\OneDrive\GadgetFactory_Engineering\papilio_development\libs\sump2_logic_analyzer\gateware\sump2_simple.v":186)
WARN  (EX3791) : Expression size 12 truncated to fit in target size 11("C:\Users\jackg\OneDrive\GadgetFactory_Engineering\papilio_development\libs\sump2_logic_analyzer\gateware\sump2_simple.v":187)
WARN  (EX3791) : Expression size 3 truncated to fit in target size 2("C:\Users\jackg\OneDrive\GadgetFactory_Engineering\papilio_development\libs\sump2_logic_analyzer\gateware\sump2_simple.v":277)
WARN  (EX1998) : Net 'trigger_type[3]' does not have a driver("C:\Users\jackg\OneDrive\GadgetFactory_Engineering\papilio_development\libs\sump2_logic_analyzer\gateware\sump2_simple.v":42)
Compiling module 'dma_debug_analyzer(ADDR_WIDTH=7)'("C:\Users\jackg\OneDrive\GadgetFactory_Engineering\papilio_development\libs\papilio_wishbone_spi_master\gateware\dma_debug_analyzer.v":4)
Extracting RAM for identifier 'mem_byte0'("C:\Users\jackg\OneDrive\GadgetFactory_Engineering\papilio_development\libs\papilio_wishbone_spi_master\gateware\dma_debug_analyzer.v":68)
Extracting RAM for identifier 'mem_byte1'("C:\Users\jackg\OneDrive\GadgetFactory_Engineering\papilio_development\libs\papilio_wishbone_spi_master\gateware\dma_debug_analyzer.v":70)
Extracting RAM for identifier 'mem_byte2'("C:\Users\jackg\OneDrive\GadgetFactory_Engineering\papilio_development\libs\papilio_wishbone_spi_master\gateware\dma_debug_analyzer.v":72)
Extracting RAM for identifier 'mem_byte3'("C:\Users\jackg\OneDrive\GadgetFactory_Engineering\papilio_development\libs\papilio_wishbone_spi_master\gateware\dma_debug_analyzer.v":74)
WARN  (EX3791) : Expression size 8 truncated to fit in target size 7("C:\Users\jackg\OneDrive\GadgetFactory_Engineering\papilio_development\libs\papilio_wishbone_spi_master\gateware\dma_debug_analyzer.v":123)
WARN  (EX3791) : Expression size 8 truncated to fit in target size 7("C:\Users\jackg\OneDrive\GadgetFactory_Engineering\papilio_development\libs\papilio_wishbone_spi_master\gateware\dma_debug_analyzer.v":124)
WARN  (EX3791) : Expression size 32 truncated to fit in target size 7("C:\Users\jackg\OneDrive\GadgetFactory_Engineering\papilio_development\libs\papilio_wishbone_spi_master\gateware\dma_debug_analyzer.v":163)
Switching to VHDL mode to elaborate design unit 'wb_ym2149_simple'("C:\Users\jackg\OneDrive\GadgetFactory_Engineering\papilio_development\src\gateware\top.v":396)
Processing 'wb_ym2149_simple(rtl)'("C:\Users\jackg\OneDrive\GadgetFactory_Engineering\papilio_development\libs\papilio_audio\gateware\wb_ym2149_simple.vhd":12)
'others' clause is never selected("C:\Users\jackg\OneDrive\GadgetFactory_Engineering\papilio_development\libs\papilio_audio\gateware\wb_ym2149_simple.vhd":350)
'others' clause is never selected("C:\Users\jackg\OneDrive\GadgetFactory_Engineering\papilio_development\libs\papilio_audio\gateware\wb_ym2149_simple.vhd":411)
Returning to Verilog mode to proceed with elaboration("C:\Users\jackg\OneDrive\GadgetFactory_Engineering\papilio_development\src\gateware\top.v":396)
Compiling module 'sigma_delta_dac'("C:\Users\jackg\OneDrive\GadgetFactory_Engineering\papilio_development\libs\papilio_audio\gateware\sigma_delta_dac.v":6)
Compiling module 'wb_audio_passthrough'("C:\Users\jackg\OneDrive\GadgetFactory_Engineering\papilio_development\libs\papilio_audio\gateware\wb_audio_passthrough.v":13)
Compiling module 'hdmi_phy_720p'("C:\Users\jackg\OneDrive\GadgetFactory_Engineering\papilio_development\libs\papilio_hdmi\gateware\src\hdmi_phy_720p.v":23)
Compiling module 'TMDS_rPLL'("C:\Users\jackg\OneDrive\GadgetFactory_Engineering\papilio_development\libs\papilio_hdmi\gateware\src\TMDS_rPLL.v":2)
Compiling module 'tmds_encoder'("C:\Users\jackg\OneDrive\GadgetFactory_Engineering\papilio_development\libs\papilio_hdmi\gateware\src\tmds_encoder.v":5)
WARN  (EX3791) : Expression size 32 truncated to fit in target size 5("C:\Users\jackg\OneDrive\GadgetFactory_Engineering\papilio_development\libs\papilio_hdmi\gateware\src\tmds_encoder.v":86)
WARN  (EX3791) : Expression size 32 truncated to fit in target size 5("C:\Users\jackg\OneDrive\GadgetFactory_Engineering\papilio_development\libs\papilio_hdmi\gateware\src\tmds_encoder.v":88)
WARN  (EX3791) : Expression size 32 truncated to fit in target size 5("C:\Users\jackg\OneDrive\GadgetFactory_Engineering\papilio_development\libs\papilio_hdmi\gateware\src\tmds_encoder.v":95)
WARN  (EX3791) : Expression size 32 truncated to fit in target size 5("C:\Users\jackg\OneDrive\GadgetFactory_Engineering\papilio_development\libs\papilio_hdmi\gateware\src\tmds_encoder.v":100)
Compiling module 'wb_video_testpattern'("C:\Users\jackg\OneDrive\GadgetFactory_Engineering\papilio_development\libs\papilio_hdmi\gateware\src\wb_video_testpattern.v":22)
Compiling module 'wb_video_text'("C:\Users\jackg\OneDrive\GadgetFactory_Engineering\papilio_development\libs\papilio_hdmi\gateware\src\wb_video_text.v":30)
Extracting RAM for identifier 'char_ram'("C:\Users\jackg\OneDrive\GadgetFactory_Engineering\papilio_development\libs\papilio_hdmi\gateware\src\wb_video_text.v":72)
Extracting RAM for identifier 'attr_ram'("C:\Users\jackg\OneDrive\GadgetFactory_Engineering\papilio_development\libs\papilio_hdmi\gateware\src\wb_video_text.v":74)
WARN  (EX3791) : Expression size 13 truncated to fit in target size 12("C:\Users\jackg\OneDrive\GadgetFactory_Engineering\papilio_development\libs\papilio_hdmi\gateware\src\wb_video_text.v":87)
WARN  (EX3791) : Expression size 13 truncated to fit in target size 12("C:\Users\jackg\OneDrive\GadgetFactory_Engineering\papilio_development\libs\papilio_hdmi\gateware\src\wb_video_text.v":110)
WARN  (EX3791) : Expression size 8 truncated to fit in target size 7("C:\Users\jackg\OneDrive\GadgetFactory_Engineering\papilio_development\libs\papilio_hdmi\gateware\src\wb_video_text.v":132)
WARN  (EX3791) : Expression size 6 truncated to fit in target size 5("C:\Users\jackg\OneDrive\GadgetFactory_Engineering\papilio_development\libs\papilio_hdmi\gateware\src\wb_video_text.v":136)
WARN  (EX3791) : Expression size 13 truncated to fit in target size 12("C:\Users\jackg\OneDrive\GadgetFactory_Engineering\papilio_development\libs\papilio_hdmi\gateware\src\wb_video_text.v":145)
WARN  (EX3791) : Expression size 13 truncated to fit in target size 12("C:\Users\jackg\OneDrive\GadgetFactory_Engineering\papilio_development\libs\papilio_hdmi\gateware\src\wb_video_text.v":151)
WARN  (EX3791) : Expression size 8 truncated to fit in target size 5("C:\Users\jackg\OneDrive\GadgetFactory_Engineering\papilio_development\libs\papilio_hdmi\gateware\src\wb_video_text.v":188)
WARN  (EX3791) : Expression size 11 truncated to fit in target size 3("C:\Users\jackg\OneDrive\GadgetFactory_Engineering\papilio_development\libs\papilio_hdmi\gateware\src\wb_video_text.v":190)
WARN  (EX3791) : Expression size 13 truncated to fit in target size 12("C:\Users\jackg\OneDrive\GadgetFactory_Engineering\papilio_development\libs\papilio_hdmi\gateware\src\wb_video_text.v":195)
Compiling module 'font_rom_8x8'("C:\Users\jackg\OneDrive\GadgetFactory_Engineering\papilio_development\libs\papilio_hdmi\gateware\src\char_ram_8x8.v":66)
Extracting RAM for identifier 'custom_font_ram'("C:\Users\jackg\OneDrive\GadgetFactory_Engineering\papilio_development\libs\papilio_hdmi\gateware\src\char_ram_8x8.v":79)
Compiling module 'wb_video_framebuffer'("C:\Users\jackg\OneDrive\GadgetFactory_Engineering\papilio_development\libs\papilio_hdmi\gateware\src\wb_video_framebuffer.v":22)
Compiling module 'framebuffer_ram'("C:\Users\jackg\OneDrive\GadgetFactory_Engineering\papilio_development\libs\papilio_hdmi\gateware\src\framebuffer_ram.v":12)
Extracting RAM for identifier 'mem'("C:\Users\jackg\OneDrive\GadgetFactory_Engineering\papilio_development\libs\papilio_hdmi\gateware\src\framebuffer_ram.v":33)
NOTE  (EX0101) : Current top module is "top"
[5%] Running netlist conversion ...
Running device independent optimization ...
[10%] Optimizing Phase 0 completed
[15%] Optimizing Phase 1 completed
[25%] Optimizing Phase 2 completed
Running inference ...
WARN  (IF0007) : Attribute value of 'syn_ramstyle/syn_romstyle' is not applicable("C:\Users\jackg\OneDrive\GadgetFactory_Engineering\papilio_development\libs\papilio_wishbone_spi_master\gateware\dma_debug_analyzer.v":118)
WARN  (IF0007) : Attribute value of 'syn_ramstyle/syn_romstyle' is not applicable("C:\Users\jackg\OneDrive\GadgetFactory_Engineering\papilio_development\libs\papilio_wishbone_spi_master\gateware\dma_debug_analyzer.v":119)
WARN  (IF0007) : Attribute value of 'syn_ramstyle/syn_romstyle' is not applicable("C:\Users\jackg\OneDrive\GadgetFactory_Engineering\papilio_development\libs\papilio_wishbone_spi_master\gateware\dma_debug_analyzer.v":120)
WARN  (IF0007) : Attribute value of 'syn_ramstyle/syn_romstyle' is not applicable("C:\Users\jackg\OneDrive\GadgetFactory_Engineering\papilio_development\libs\papilio_wishbone_spi_master\gateware\dma_debug_analyzer.v":121)
[30%] Inferring Phase 0 completed
[40%] Inferring Phase 1 completed
[50%] Inferring Phase 2 completed
[55%] Inferring Phase 3 completed
Running technical mapping ...
[60%] Tech-Mapping Phase 0 completed
[65%] Tech-Mapping Phase 1 completed
[75%] Tech-Mapping Phase 2 completed
[80%] Tech-Mapping Phase 3 completed
[90%] Tech-Mapping Phase 4 completed
WARN  (NL0002) : The module "sigma_delta_dac" instantiated to "u_pcm_dac_left" is swept in optimizing("C:\Users\jackg\OneDrive\GadgetFactory_Engineering\papilio_development\src\gateware\top.v":468)
WARN  (NL0002) : The module "sigma_delta_dac" instantiated to "u_pcm_dac_right" is swept in optimizing("C:\Users\jackg\OneDrive\GadgetFactory_Engineering\papilio_development\src\gateware\top.v":474)
[95%] Generate netlist file "C:\Users\jackg\OneDrive\GadgetFactory_Engineering\papilio_development\src\gateware\impl\gwsynthesis\papilio_arcade_template.vg" completed
[100%] Generate report file "C:\Users\jackg\OneDrive\GadgetFactory_Engineering\papilio_development\src\gateware\impl\gwsynthesis\papilio_arcade_template_syn.rpt.html" completed
GowinSynthesis finish
